ERROR [TaskPersister]: File error accessing recents directory (directory doesn't exist?).
ERROR [bepass.oblivion]: Not starting debugger since process cannot load the jdwp agent.
ERROR [ashmem]: Pinning is deprecated since Android Q. Please use trim or other methods.
ERROR [:vpn_background]: Not starting debugger since process cannot load the jdwp agent.
ERROR [oblivionVPN]: Configuration failed
go.Universe$proxyerror: invalid bind address: not an ip:port
	at tun2socks.Tun2socks.start(Native Method)
	at org.bepass.oblivion.service.OblivionVpnService.a(SourceFile:196)
	at h.q(SourceFile:349)
	at ng.f(SourceFile:8)
	at kz.run(SourceFile:114)
	at uu.run(SourceFile:118)
ERROR [netd]: cannot find interface tun0: No such device
ERROR [Netd]: failed to add interface tun0 to VPN netId 105
ERROR [InterfaceTracker]: Failed to get interface index for tun0
ERROR [BpfNetMaps]: Failed to get if index, skip addLocalNetAccess for /224.0.0.0(tun0)
ERROR [InterfaceTracker]: Failed to get interface index for tun0
ERROR [BpfNetMaps]: Failed to get if index, skip addLocalNetAccess for /ff00::(tun0)
ERROR [InterfaceTracker]: Failed to get interface index for tun0
ERROR [BpfNetMaps]: Failed to get if index, skip addLocalNetAccess for /255.255.255.255(tun0)
ERROR [InterfaceTracker]: Failed to get interface index for tun0
ERROR [BpfNetMaps]: Failed to get if index, skip addLocalNetAccess for /172.16.0.0(tun0)
ERROR [InterfaceTracker]: Failed to get interface index for tun0
ERROR [BpfNetMaps]: Failed to get if index, skip addLocalNetAccess for /fdfe:dcba:9876::(tun0)
ERROR [PermissionMonitor]: Exception when updating permissions: 
android.os.ServiceSpecificException: Failed to get index of interface tun0 (code 19)
	at android.net.connectivity.com.android.server.BpfNetMaps.addUidInterfaceRules(BpfNetMaps.java:772)
	at android.net.connectivity.com.android.server.connectivity.PermissionMonitor.updateVpnUidsInterfaceRules(PermissionMonitor.java:1168)
	at android.net.connectivity.com.android.server.connectivity.PermissionMonitor.onVpnUidRangesAdded(PermissionMonitor.java:1028)
	at android.net.connectivity.com.android.server.ConnectivityService.updateVpnFiltering(ConnectivityService.java:10215)
	at android.net.connectivity.com.android.server.ConnectivityService.updateLinkProperties(ConnectivityService.java:9710)
	at android.net.connectivity.com.android.server.ConnectivityService.applyInitialLinkProperties(ConnectivityService.java:9769)
	at android.net.connectivity.com.android.server.ConnectivityService.updateNetworkInfo(ConnectivityService.java:12153)
	at android.net.connectivity.com.android.server.ConnectivityService.handleRegisterNetworkAgent(ConnectivityService.java:9530)
	at android.net.connectivity.com.android.server.ConnectivityService.-$$Nest$mhandleRegisterNetworkAgent(ConnectivityService.java:0)
	at android.net.connectivity.com.android.server.ConnectivityService$InternalHandler.handleMessage(ConnectivityService.java:6897)
	at android.os.Handler.dispatchMessage(Handler.java:110)
	at android.os.Looper.loopOnce(Looper.java:248)
	at android.os.Looper.loop(Looper.java:338)
	at android.os.HandlerThread.run(HandlerThread.java:85)
ERROR [BpfNetMaps]: Failed to get if index, skip setting ingress discard rule for /fdfe:dcba:9876::1(tun0)
ERROR [BpfNetMaps]: Failed to get if index, skip setting ingress discard rule for /172.19.0.1(tun0)
ERROR [ConnectivityService]: exception in interfaceSetMtu()android.os.ServiceSpecificException: Remote I/O error (code 121)
ERROR [Netd]: interface tun0 not assigned to any netId
ERROR [ConnectivityService]: Exception in addRoute for non-gateway: android.os.ServiceSpecificException: No such device (code 19)
ERROR [Netd]: interface tun0 not assigned to any netId
ERROR [Netd]: interface tun0 not assigned to any netId
ERROR [ConnectivityService]: Exception in addRoute for non-gateway: android.os.ServiceSpecificException: No such device (code 19)
ERROR [Netd]: interface tun0 not assigned to any netId
ERROR [PermissionMonitor]: Exception when updating permissions: 
android.os.ServiceSpecificException: Failed to get index of interface tun0 (code 19)
	at android.net.connectivity.com.android.server.BpfNetMaps.addUidInterfaceRules(BpfNetMaps.java:772)
	at android.net.connectivity.com.android.server.connectivity.PermissionMonitor.updateVpnUidsInterfaceRules(PermissionMonitor.java:1168)
	at android.net.connectivity.com.android.server.connectivity.PermissionMonitor.onVpnUidRangesAdded(PermissionMonitor.java:1028)
	at android.net.connectivity.com.android.server.ConnectivityService.updateVpnUids(ConnectivityService.java:10954)
	at android.net.connectivity.com.android.server.ConnectivityService.handleRegisterNetworkAgent(ConnectivityService.java:9531)
	at android.net.connectivity.com.android.server.ConnectivityService.-$$Nest$mhandleRegisterNetworkAgent(ConnectivityService.java:0)
	at android.net.connectivity.com.android.server.ConnectivityService$InternalHandler.handleMessage(ConnectivityService.java:6897)
	at android.os.Handler.dispatchMessage(Handler.java:110)
	at android.os.Looper.loopOnce(Looper.java:248)
	at android.os.Looper.loop(Looper.java:338)
	at android.os.HandlerThread.run(HandlerThread.java:85)
ERROR [BpfNetMaps]: removeRule failed uid=1027, android.os.ServiceSpecificException: sUidOwnerMap does not have entry for uid: 1027 (code 2)
ERROR [BpfNetMaps]: removeRule failed uid=1068, android.os.ServiceSpecificException: sUidOwnerMap does not have entry for uid: 1068 (code 2)
ERROR [BpfNetMaps]: removeRule failed uid=10000, android.os.ServiceSpecificException: sUidOwnerMap does not have entry for uid: 10000 (code 2)
ERROR [BpfNetMaps]: removeRule failed uid=10001, android.os.ServiceSpecificException: sUidOwnerMap does not have entry for uid: 10001 (code 2)
ERROR [BpfNetMaps]: removeRule failed uid=10002, android.os.ServiceSpecificException: sUidOwnerMap does not have entry for uid: 10002 (code 2)
ERROR [BpfNetMaps]: removeRule failed uid=10003, android.os.ServiceSpecificException: sUidOwnerMap does not have entry for uid: 10003 (code 2)
ERROR [BpfNetMaps]: removeRule failed uid=10004, android.os.ServiceSpecificException: sUidOwnerMap does not have entry for uid: 10004 (code 2)
ERROR [BpfNetMaps]: removeRule failed uid=10005, android.os.ServiceSpecificException: sUidOwnerMap does not have entry for uid: 10005 (code 2)
ERROR [BpfNetMaps]: removeRule failed uid=10006, android.os.ServiceSpecificException: sUidOwnerMap does not have entry for uid: 10006 (code 2)
ERROR [BpfNetMaps]: removeRule failed uid=10007, android.os.ServiceSpecificException: sUidOwnerMap does not have entry for uid: 10007 (code 2)
ERROR [BpfNetMaps]: removeRule failed uid=10008, android.os.ServiceSpecificException: sUidOwnerMap does not have entry for uid: 10008 (code 2)
ERROR [BpfNetMaps]: removeRule failed uid=10009, android.os.ServiceSpecificException: sUidOwnerMap does not have entry for uid: 10009 (code 2)
ERROR [BpfNetMaps]: removeRule failed uid=10010, android.os.ServiceSpecificException: sUidOwnerMap does not have entry for uid: 10010 (code 2)
ERROR [BpfNetMaps]: removeRule failed uid=10011, android.os.ServiceSpecificException: sUidOwnerMap does not have entry for uid: 10011 (code 2)
ERROR [BpfNetMaps]: removeRule failed uid=10012, android.os.ServiceSpecificException: sUidOwnerMap does not have entry for uid: 10012 (code 2)
ERROR [BpfNetMaps]: removeRule failed uid=10013, android.os.ServiceSpecificException: sUidOwnerMap does not have entry for uid: 10013 (code 2)
ERROR [BpfNetMaps]: removeRule failed uid=10014, android.os.ServiceSpecificException: sUidOwnerMap does not have entry for uid: 10014 (code 2)
ERROR [BpfNetMaps]: removeRule failed uid=10015, android.os.ServiceSpecificException: sUidOwnerMap does not have entry for uid: 10015 (code 2)
ERROR [BpfNetMaps]: removeRule failed uid=10016, android.os.ServiceSpecificException: sUidOwnerMap does not have entry for uid: 10016 (code 2)
ERROR [BpfNetMaps]: removeRule failed uid=10017, android.os.ServiceSpecificException: sUidOwnerMap does not have entry for uid: 10017 (code 2)
ERROR [BpfNetMaps]: removeRule failed uid=10018, android.os.ServiceSpecificException: sUidOwnerMap does not have entry for uid: 10018 (code 2)
ERROR [BpfNetMaps]: removeRule failed uid=10019, android.os.ServiceSpecificException: sUidOwnerMap does not have entry for uid: 10019 (code 2)
ERROR [BpfNetMaps]: removeRule failed uid=10020, android.os.ServiceSpecificException: sUidOwnerMap does not have entry for uid: 10020 (code 2)
ERROR [BpfNetMaps]: removeRule failed uid=10021, android.os.ServiceSpecificException: sUidOwnerMap does not have entry for uid: 10021 (code 2)
ERROR [BpfNetMaps]: removeRule failed uid=10022, android.os.ServiceSpecificException: sUidOwnerMap does not have entry for uid: 10022 (code 2)
ERROR [BpfNetMaps]: removeRule failed uid=10023, android.os.ServiceSpecificException: sUidOwnerMap does not have entry for uid: 10023 (code 2)
ERROR [BpfNetMaps]: removeRule failed uid=10024, android.os.ServiceSpecificException: sUidOwnerMap does not have entry for uid: 10024 (code 2)
ERROR [BpfNetMaps]: removeRule failed uid=10025, android.os.ServiceSpecificException: sUidOwnerMap does not have entry for uid: 10025 (code 2)
ERROR [BpfNetMaps]: removeRule failed uid=10026, android.os.ServiceSpecificException: sUidOwnerMap does not have entry for uid: 10026 (code 2)
ERROR [BpfNetMaps]: removeRule failed uid=10027, android.os.ServiceSpecificException: sUidOwnerMap does not have entry for uid: 10027 (code 2)
ERROR [BpfNetMaps]: removeRule failed uid=10028, android.os.ServiceSpecificException: sUidOwnerMap does not have entry for uid: 10028 (code 2)
ERROR [BpfNetMaps]: removeRule failed uid=10029, android.os.ServiceSpecificException: sUidOwnerMap does not have entry for uid: 10029 (code 2)
ERROR [BpfNetMaps]: removeRule failed uid=10030, android.os.ServiceSpecificException: sUidOwnerMap does not have entry for uid: 10030 (code 2)
ERROR [BpfNetMaps]: removeRule failed uid=10031, android.os.ServiceSpecificException: sUidOwnerMap does not have entry for uid: 10031 (code 2)
ERROR [BpfNetMaps]: removeRule failed uid=10032, android.os.ServiceSpecificException: sUidOwnerMap does not have entry for uid: 10032 (code 2)
ERROR [BpfNetMaps]: removeRule failed uid=10033, android.os.ServiceSpecificException: sUidOwnerMap does not have entry for uid: 10033 (code 2)
ERROR [BpfNetMaps]: removeRule failed uid=10034, android.os.ServiceSpecificException: sUidOwnerMap does not have entry for uid: 10034 (code 2)
ERROR [BpfNetMaps]: removeRule failed uid=10035, android.os.ServiceSpecificException: sUidOwnerMap does not have entry for uid: 10035 (code 2)
ERROR [BpfNetMaps]: removeRule failed uid=10036, android.os.ServiceSpecificException: sUidOwnerMap does not have entry for uid: 10036 (code 2)
ERROR [BpfNetMaps]: removeRule failed uid=10037, android.os.ServiceSpecificException: sUidOwnerMap does not have entry for uid: 10037 (code 2)
ERROR [BpfNetMaps]: removeRule failed uid=10038, android.os.ServiceSpecificException: sUidOwnerMap does not have entry for uid: 10038 (code 2)
ERROR [BpfNetMaps]: removeRule failed uid=10039, android.os.ServiceSpecificException: sUidOwnerMap does not have entry for uid: 10039 (code 2)
ERROR [BpfNetMaps]: removeRule failed uid=10040, android.os.ServiceSpecificException: sUidOwnerMap does not have entry for uid: 10040 (code 2)
ERROR [BpfNetMaps]: removeRule failed uid=10041, android.os.ServiceSpecificException: sUidOwnerMap does not have entry for uid: 10041 (code 2)
ERROR [BpfNetMaps]: removeRule failed uid=10042, android.os.ServiceSpecificException: sUidOwnerMap does not have entry for uid: 10042 (code 2)
ERROR [BpfNetMaps]: removeRule failed uid=10043, android.os.ServiceSpecificException: sUidOwnerMap does not have entry for uid: 10043 (code 2)
ERROR [BpfNetMaps]: removeRule failed uid=10044, android.os.ServiceSpecificException: sUidOwnerMap does not have entry for uid: 10044 (code 2)
ERROR [BpfNetMaps]: removeRule failed uid=10045, android.os.ServiceSpecificException: sUidOwnerMap does not have entry for uid: 10045 (code 2)
ERROR [BpfNetMaps]: removeRule failed uid=10046, android.os.ServiceSpecificException: sUidOwnerMap does not have entry for uid: 10046 (code 2)
ERROR [BpfNetMaps]: removeRule failed uid=10047, android.os.ServiceSpecificException: sUidOwnerMap does not have entry for uid: 10047 (code 2)
ERROR [BpfNetMaps]: removeRule failed uid=10048, android.os.ServiceSpecificException: sUidOwnerMap does not have entry for uid: 10048 (code 2)
ERROR [BpfNetMaps]: removeRule failed uid=10049, android.os.ServiceSpecificException: sUidOwnerMap does not have entry for uid: 10049 (code 2)
ERROR [BpfNetMaps]: removeRule failed uid=10050, android.os.ServiceSpecificException: sUidOwnerMap does not have entry for uid: 10050 (code 2)
ERROR [BpfNetMaps]: removeRule failed uid=10051, android.os.ServiceSpecificException: sUidOwnerMap does not have entry for uid: 10051 (code 2)
ERROR [BpfNetMaps]: removeRule failed uid=10052, android.os.ServiceSpecificException: sUidOwnerMap does not have entry for uid: 10052 (code 2)
ERROR [BpfNetMaps]: removeRule failed uid=10053, android.os.ServiceSpecificException: sUidOwnerMap does not have entry for uid: 10053 (code 2)
ERROR [BpfNetMaps]: removeRule failed uid=10054, android.os.ServiceSpecificException: sUidOwnerMap does not have entry for uid: 10054 (code 2)
ERROR [BpfNetMaps]: removeRule failed uid=10055, android.os.ServiceSpecificException: sUidOwnerMap does not have entry for uid: 10055 (code 2)
ERROR [BpfNetMaps]: removeRule failed uid=10056, android.os.ServiceSpecificException: sUidOwnerMap does not have entry for uid: 10056 (code 2)
ERROR [BpfNetMaps]: removeRule failed uid=10057, android.os.ServiceSpecificException: sUidOwnerMap does not have entry for uid: 10057 (code 2)
ERROR [BpfNetMaps]: removeRule failed uid=10058, android.os.ServiceSpecificException: sUidOwnerMap does not have entry for uid: 10058 (code 2)
ERROR [BpfNetMaps]: removeRule failed uid=10059, android.os.ServiceSpecificException: sUidOwnerMap does not have entry for uid: 10059 (code 2)
ERROR [BpfNetMaps]: removeRule failed uid=10060, android.os.ServiceSpecificException: sUidOwnerMap does not have entry for uid: 10060 (code 2)
ERROR [BpfNetMaps]: removeRule failed uid=10061, android.os.ServiceSpecificException: sUidOwnerMap does not have entry for uid: 10061 (code 2)
ERROR [BpfNetMaps]: removeRule failed uid=10062, android.os.ServiceSpecificException: sUidOwnerMap does not have entry for uid: 10062 (code 2)
ERROR [BpfNetMaps]: removeRule failed uid=10063, android.os.ServiceSpecificException: sUidOwnerMap does not have entry for uid: 10063 (code 2)
ERROR [BpfNetMaps]: removeRule failed uid=10064, android.os.ServiceSpecificException: sUidOwnerMap does not have entry for uid: 10064 (code 2)
ERROR [BpfNetMaps]: removeRule failed uid=10065, android.os.ServiceSpecificException: sUidOwnerMap does not have entry for uid: 10065 (code 2)
ERROR [BpfNetMaps]: removeRule failed uid=10066, android.os.ServiceSpecificException: sUidOwnerMap does not have entry for uid: 10066 (code 2)
ERROR [BpfNetMaps]: removeRule failed uid=10067, android.os.ServiceSpecificException: sUidOwnerMap does not have entry for uid: 10067 (code 2)
ERROR [BpfNetMaps]: removeRule failed uid=10068, android.os.ServiceSpecificException: sUidOwnerMap does not have entry for uid: 10068 (code 2)
ERROR [BpfNetMaps]: removeRule failed uid=10069, android.os.ServiceSpecificException: sUidOwnerMap does not have entry for uid: 10069 (code 2)
ERROR [BpfNetMaps]: removeRule failed uid=10070, android.os.ServiceSpecificException: sUidOwnerMap does not have entry for uid: 10070 (code 2)
ERROR [BpfNetMaps]: removeRule failed uid=10071, android.os.ServiceSpecificException: sUidOwnerMap does not have entry for uid: 10071 (code 2)
ERROR [BpfNetMaps]: removeRule failed uid=10072, android.os.ServiceSpecificException: sUidOwnerMap does not have entry for uid: 10072 (code 2)
ERROR [BpfNetMaps]: removeRule failed uid=10073, android.os.ServiceSpecificException: sUidOwnerMap does not have entry for uid: 10073 (code 2)
ERROR [BpfNetMaps]: removeRule failed uid=10074, android.os.ServiceSpecificException: sUidOwnerMap does not have entry for uid: 10074 (code 2)
ERROR [BpfNetMaps]: removeRule failed uid=10075, android.os.ServiceSpecificException: sUidOwnerMap does not have entry for uid: 10075 (code 2)
ERROR [BpfNetMaps]: removeRule failed uid=10076, android.os.ServiceSpecificException: sUidOwnerMap does not have entry for uid: 10076 (code 2)
ERROR [BpfNetMaps]: removeRule failed uid=10077, android.os.ServiceSpecificException: sUidOwnerMap does not have entry for uid: 10077 (code 2)
ERROR [BpfNetMaps]: removeRule failed uid=10078, android.os.ServiceSpecificException: sUidOwnerMap does not have entry for uid: 10078 (code 2)
ERROR [BpfNetMaps]: removeRule failed uid=10079, android.os.ServiceSpecificException: sUidOwnerMap does not have entry for uid: 10079 (code 2)
ERROR [BpfNetMaps]: removeRule failed uid=10080, android.os.ServiceSpecificException: sUidOwnerMap does not have entry for uid: 10080 (code 2)
ERROR [BpfNetMaps]: removeRule failed uid=10081, android.os.ServiceSpecificException: sUidOwnerMap does not have entry for uid: 10081 (code 2)
ERROR [BpfNetMaps]: removeRule failed uid=10082, android.os.ServiceSpecificException: sUidOwnerMap does not have entry for uid: 10082 (code 2)
ERROR [BpfNetMaps]: removeRule failed uid=10083, android.os.ServiceSpecificException: sUidOwnerMap does not have entry for uid: 10083 (code 2)
ERROR [BpfNetMaps]: removeRule failed uid=10084, android.os.ServiceSpecificException: sUidOwnerMap does not have entry for uid: 10084 (code 2)
ERROR [BpfNetMaps]: removeRule failed uid=10085, android.os.ServiceSpecificException: sUidOwnerMap does not have entry for uid: 10085 (code 2)
ERROR [BpfNetMaps]: removeRule failed uid=10086, android.os.ServiceSpecificException: sUidOwnerMap does not have entry for uid: 10086 (code 2)
ERROR [BpfNetMaps]: removeRule failed uid=10087, android.os.ServiceSpecificException: sUidOwnerMap does not have entry for uid: 10087 (code 2)
ERROR [BpfNetMaps]: removeRule failed uid=10088, android.os.ServiceSpecificException: sUidOwnerMap does not have entry for uid: 10088 (code 2)
ERROR [BpfNetMaps]: removeRule failed uid=10089, android.os.ServiceSpecificException: sUidOwnerMap does not have entry for uid: 10089 (code 2)
ERROR [BpfNetMaps]: removeRule failed uid=10090, android.os.ServiceSpecificException: sUidOwnerMap does not have entry for uid: 10090 (code 2)
ERROR [BpfNetMaps]: removeRule failed uid=10091, android.os.ServiceSpecificException: sUidOwnerMap does not have entry for uid: 10091 (code 2)
ERROR [BpfNetMaps]: removeRule failed uid=10092, android.os.ServiceSpecificException: sUidOwnerMap does not have entry for uid: 10092 (code 2)
ERROR [BpfNetMaps]: removeRule failed uid=10093, android.os.ServiceSpecificException: sUidOwnerMap does not have entry for uid: 10093 (code 2)
ERROR [BpfNetMaps]: removeRule failed uid=10094, android.os.ServiceSpecificException: sUidOwnerMap does not have entry for uid: 10094 (code 2)
ERROR [BpfNetMaps]: removeRule failed uid=10095, android.os.ServiceSpecificException: sUidOwnerMap does not have entry for uid: 10095 (code 2)
ERROR [BpfNetMaps]: removeRule failed uid=10097, android.os.ServiceSpecificException: sUidOwnerMap does not have entry for uid: 10097 (code 2)
ERROR [BpfNetMaps]: removeRule failed uid=10098, android.os.ServiceSpecificException: sUidOwnerMap does not have entry for uid: 10098 (code 2)
ERROR [BpfNetMaps]: removeRule failed uid=10099, android.os.ServiceSpecificException: sUidOwnerMap does not have entry for uid: 10099 (code 2)
ERROR [BpfNetMaps]: removeRule failed uid=10100, android.os.ServiceSpecificException: sUidOwnerMap does not have entry for uid: 10100 (code 2)
ERROR [BpfNetMaps]: removeRule failed uid=10102, android.os.ServiceSpecificException: sUidOwnerMap does not have entry for uid: 10102 (code 2)
ERROR [BpfNetMaps]: removeRule failed uid=10103, android.os.ServiceSpecificException: sUidOwnerMap does not have entry for uid: 10103 (code 2)
ERROR [BpfNetMaps]: removeRule failed uid=10104, android.os.ServiceSpecificException: sUidOwnerMap does not have entry for uid: 10104 (code 2)
ERROR [BpfNetMaps]: removeRule failed uid=10105, android.os.ServiceSpecificException: sUidOwnerMap does not have entry for uid: 10105 (code 2)
ERROR [BpfNetMaps]: removeRule failed uid=10106, android.os.ServiceSpecificException: sUidOwnerMap does not have entry for uid: 10106 (code 2)
ERROR [BpfNetMaps]: removeRule failed uid=10107, android.os.ServiceSpecificException: sUidOwnerMap does not have entry for uid: 10107 (code 2)
ERROR [BpfNetMaps]: removeRule failed uid=10108, android.os.ServiceSpecificException: sUidOwnerMap does not have entry for uid: 10108 (code 2)
ERROR [BpfNetMaps]: removeRule failed uid=10109, android.os.ServiceSpecificException: sUidOwnerMap does not have entry for uid: 10109 (code 2)
ERROR [BpfNetMaps]: removeRule failed uid=10111, android.os.ServiceSpecificException: sUidOwnerMap does not have entry for uid: 10111 (code 2)
ERROR [BpfNetMaps]: removeRule failed uid=10112, android.os.ServiceSpecificException: sUidOwnerMap does not have entry for uid: 10112 (code 2)
ERROR [BpfNetMaps]: removeRule failed uid=10113, android.os.ServiceSpecificException: sUidOwnerMap does not have entry for uid: 10113 (code 2)
ERROR [BpfNetMaps]: removeRule failed uid=10114, android.os.ServiceSpecificException: sUidOwnerMap does not have entry for uid: 10114 (code 2)
ERROR [BpfNetMaps]: removeRule failed uid=10115, android.os.ServiceSpecificException: sUidOwnerMap does not have entry for uid: 10115 (code 2)
ERROR [BpfNetMaps]: removeRule failed uid=10116, android.os.ServiceSpecificException: sUidOwnerMap does not have entry for uid: 10116 (code 2)
ERROR [BpfNetMaps]: removeRule failed uid=10117, android.os.ServiceSpecificException: sUidOwnerMap does not have entry for uid: 10117 (code 2)
ERROR [BpfNetMaps]: removeRule failed uid=10120, android.os.ServiceSpecificException: sUidOwnerMap does not have entry for uid: 10120 (code 2)
ERROR [BpfNetMaps]: removeRule failed uid=10121, android.os.ServiceSpecificException: sUidOwnerMap does not have entry for uid: 10121 (code 2)
ERROR [BpfNetMaps]: removeRule failed uid=10122, android.os.ServiceSpecificException: sUidOwnerMap does not have entry for uid: 10122 (code 2)
ERROR [BpfNetMaps]: removeRule failed uid=10123, android.os.ServiceSpecificException: sUidOwnerMap does not have entry for uid: 10123 (code 2)
ERROR [BpfNetMaps]: removeRule failed uid=10124, android.os.ServiceSpecificException: sUidOwnerMap does not have entry for uid: 10124 (code 2)
ERROR [BpfNetMaps]: removeRule failed uid=10125, android.os.ServiceSpecificException: sUidOwnerMap does not have entry for uid: 10125 (code 2)
ERROR [BpfNetMaps]: removeRule failed uid=10126, android.os.ServiceSpecificException: sUidOwnerMap does not have entry for uid: 10126 (code 2)
ERROR [BpfNetMaps]: removeRule failed uid=10127, android.os.ServiceSpecificException: sUidOwnerMap does not have entry for uid: 10127 (code 2)
ERROR [BpfNetMaps]: removeRule failed uid=10128, android.os.ServiceSpecificException: sUidOwnerMap does not have entry for uid: 10128 (code 2)
ERROR [BpfNetMaps]: removeRule failed uid=10129, android.os.ServiceSpecificException: sUidOwnerMap does not have entry for uid: 10129 (code 2)
ERROR [BpfNetMaps]: removeRule failed uid=10130, android.os.ServiceSpecificException: sUidOwnerMap does not have entry for uid: 10130 (code 2)
ERROR [BpfNetMaps]: removeRule failed uid=10131, android.os.ServiceSpecificException: sUidOwnerMap does not have entry for uid: 10131 (code 2)
ERROR [BpfNetMaps]: removeRule failed uid=10132, android.os.ServiceSpecificException: sUidOwnerMap does not have entry for uid: 10132 (code 2)
ERROR [BpfNetMaps]: removeRule failed uid=10134, android.os.ServiceSpecificException: sUidOwnerMap does not have entry for uid: 10134 (code 2)
ERROR [BpfNetMaps]: removeRule failed uid=10135, android.os.ServiceSpecificException: sUidOwnerMap does not have entry for uid: 10135 (code 2)
ERROR [BpfNetMaps]: removeRule failed uid=10137, android.os.ServiceSpecificException: sUidOwnerMap does not have entry for uid: 10137 (code 2)
ERROR [BpfNetMaps]: removeRule failed uid=10138, android.os.ServiceSpecificException: sUidOwnerMap does not have entry for uid: 10138 (code 2)
ERROR [BpfNetMaps]: removeRule failed uid=10139, android.os.ServiceSpecificException: sUidOwnerMap does not have entry for uid: 10139 (code 2)
ERROR [BpfNetMaps]: removeRule failed uid=10140, android.os.ServiceSpecificException: sUidOwnerMap does not have entry for uid: 10140 (code 2)
ERROR [BpfNetMaps]: removeRule failed uid=10141, android.os.ServiceSpecificException: sUidOwnerMap does not have entry for uid: 10141 (code 2)
ERROR [BpfNetMaps]: removeRule failed uid=10144, android.os.ServiceSpecificException: sUidOwnerMap does not have entry for uid: 10144 (code 2)
ERROR [BpfNetMaps]: removeRule failed uid=10152, android.os.ServiceSpecificException: sUidOwnerMap does not have entry for uid: 10152 (code 2)
ERROR [BpfNetMaps]: removeRule failed uid=10154, android.os.ServiceSpecificException: sUidOwnerMap does not have entry for uid: 10154 (code 2)
ERROR [BpfNetMaps]: removeRule failed uid=10155, android.os.ServiceSpecificException: sUidOwnerMap does not have entry for uid: 10155 (code 2)
ERROR [BpfNetMaps]: removeRule failed uid=10157, android.os.ServiceSpecificException: sUidOwnerMap does not have entry for uid: 10157 (code 2)
ERROR [BpfNetMaps]: removeRule failed uid=10158, android.os.ServiceSpecificException: sUidOwnerMap does not have entry for uid: 10158 (code 2)
ERROR [BpfNetMaps]: removeRule failed uid=10160, android.os.ServiceSpecificException: sUidOwnerMap does not have entry for uid: 10160 (code 2)
ERROR [BpfNetMaps]: removeRule failed uid=10161, android.os.ServiceSpecificException: sUidOwnerMap does not have entry for uid: 10161 (code 2)
ERROR [BpfNetMaps]: removeRule failed uid=10163, android.os.ServiceSpecificException: sUidOwnerMap does not have entry for uid: 10163 (code 2)
ERROR [BpfNetMaps]: removeRule failed uid=10164, android.os.ServiceSpecificException: sUidOwnerMap does not have entry for uid: 10164 (code 2)
ERROR [BpfNetMaps]: removeRule failed uid=10166, android.os.ServiceSpecificException: sUidOwnerMap does not have entry for uid: 10166 (code 2)
ERROR [BpfNetMaps]: removeRule failed uid=10167, android.os.ServiceSpecificException: sUidOwnerMap does not have entry for uid: 10167 (code 2)
ERROR [BpfNetMaps]: removeRule failed uid=10173, android.os.ServiceSpecificException: sUidOwnerMap does not have entry for uid: 10173 (code 2)
ERROR [BpfNetMaps]: removeRule failed uid=10174, android.os.ServiceSpecificException: sUidOwnerMap does not have entry for uid: 10174 (code 2)
ERROR [BpfNetMaps]: removeRule failed uid=10175, android.os.ServiceSpecificException: sUidOwnerMap does not have entry for uid: 10175 (code 2)
ERROR [BpfNetMaps]: removeRule failed uid=10176, android.os.ServiceSpecificException: sUidOwnerMap does not have entry for uid: 10176 (code 2)
ERROR [BpfNetMaps]: removeRule failed uid=10177, android.os.ServiceSpecificException: sUidOwnerMap does not have entry for uid: 10177 (code 2)
ERROR [BpfNetMaps]: removeRule failed uid=10178, android.os.ServiceSpecificException: sUidOwnerMap does not have entry for uid: 10178 (code 2)
ERROR [BpfNetMaps]: removeRule failed uid=10179, android.os.ServiceSpecificException: sUidOwnerMap does not have entry for uid: 10179 (code 2)
ERROR [BpfNetMaps]: removeRule failed uid=10180, android.os.ServiceSpecificException: sUidOwnerMap does not have entry for uid: 10180 (code 2)
ERROR [BpfNetMaps]: removeRule failed uid=10181, android.os.ServiceSpecificException: sUidOwnerMap does not have entry for uid: 10181 (code 2)
ERROR [BpfNetMaps]: removeRule failed uid=10182, android.os.ServiceSpecificException: sUidOwnerMap does not have entry for uid: 10182 (code 2)
ERROR [BpfNetMaps]: removeRule failed uid=10183, android.os.ServiceSpecificException: sUidOwnerMap does not have entry for uid: 10183 (code 2)
ERROR [BpfNetMaps]: removeRule failed uid=10184, android.os.ServiceSpecificException: sUidOwnerMap does not have entry for uid: 10184 (code 2)
ERROR [BpfNetMaps]: removeRule failed uid=10185, android.os.ServiceSpecificException: sUidOwnerMap does not have entry for uid: 10185 (code 2)
ERROR [BpfNetMaps]: removeRule failed uid=10186, android.os.ServiceSpecificException: sUidOwnerMap does not have entry for uid: 10186 (code 2)
ERROR [BpfNetMaps]: removeRule failed uid=10188, android.os.ServiceSpecificException: sUidOwnerMap does not have entry for uid: 10188 (code 2)
ERROR [BpfNetMaps]: removeRule failed uid=10189, android.os.ServiceSpecificException: sUidOwnerMap does not have entry for uid: 10189 (code 2)
ERROR [BpfNetMaps]: removeRule failed uid=10190, android.os.ServiceSpecificException: sUidOwnerMap does not have entry for uid: 10190 (code 2)
ERROR [BpfNetMaps]: removeRule failed uid=10191, android.os.ServiceSpecificException: sUidOwnerMap does not have entry for uid: 10191 (code 2)
ERROR [BpfNetMaps]: removeRule failed uid=10192, android.os.ServiceSpecificException: sUidOwnerMap does not have entry for uid: 10192 (code 2)
ERROR [BpfNetMaps]: removeRule failed uid=10193, android.os.ServiceSpecificException: sUidOwnerMap does not have entry for uid: 10193 (code 2)
ERROR [BpfNetMaps]: removeRule failed uid=10195, android.os.ServiceSpecificException: sUidOwnerMap does not have entry for uid: 10195 (code 2)
ERROR [BpfNetMaps]: removeRule failed uid=10196, android.os.ServiceSpecificException: sUidOwnerMap does not have entry for uid: 10196 (code 2)
ERROR [BpfNetMaps]: removeRule failed uid=10197, android.os.ServiceSpecificException: sUidOwnerMap does not have entry for uid: 10197 (code 2)
ERROR [BpfNetMaps]: removeRule failed uid=10198, android.os.ServiceSpecificException: sUidOwnerMap does not have entry for uid: 10198 (code 2)
ERROR [BpfNetMaps]: removeRule failed uid=10199, android.os.ServiceSpecificException: sUidOwnerMap does not have entry for uid: 10199 (code 2)
ERROR [BpfNetMaps]: removeRule failed uid=10200, android.os.ServiceSpecificException: sUidOwnerMap does not have entry for uid: 10200 (code 2)
ERROR [BpfNetMaps]: removeRule failed uid=10202, android.os.ServiceSpecificException: sUidOwnerMap does not have entry for uid: 10202 (code 2)
ERROR [BpfNetMaps]: removeRule failed uid=10203, android.os.ServiceSpecificException: sUidOwnerMap does not have entry for uid: 10203 (code 2)
ERROR [BpfNetMaps]: removeRule failed uid=10204, android.os.ServiceSpecificException: sUidOwnerMap does not have entry for uid: 10204 (code 2)
ERROR [BpfNetMaps]: removeRule failed uid=10205, android.os.ServiceSpecificException: sUidOwnerMap does not have entry for uid: 10205 (code 2)
ERROR [BpfNetMaps]: removeRule failed uid=10206, android.os.ServiceSpecificException: sUidOwnerMap does not have entry for uid: 10206 (code 2)
ERROR [BpfNetMaps]: removeRule failed uid=10207, android.os.ServiceSpecificException: sUidOwnerMap does not have entry for uid: 10207 (code 2)
ERROR [BpfNetMaps]: removeRule failed uid=10208, android.os.ServiceSpecificException: sUidOwnerMap does not have entry for uid: 10208 (code 2)
ERROR [BpfNetMaps]: removeRule failed uid=10209, android.os.ServiceSpecificException: sUidOwnerMap does not have entry for uid: 10209 (code 2)
ERROR [BpfNetMaps]: removeRule failed uid=10211, android.os.ServiceSpecificException: sUidOwnerMap does not have entry for uid: 10211 (code 2)
ERROR [BpfNetMaps]: removeRule failed uid=10212, android.os.ServiceSpecificException: sUidOwnerMap does not have entry for uid: 10212 (code 2)
ERROR [BpfNetMaps]: removeRule failed uid=10213, android.os.ServiceSpecificException: sUidOwnerMap does not have entry for uid: 10213 (code 2)
ERROR [BpfNetMaps]: removeRule failed uid=10215, android.os.ServiceSpecificException: sUidOwnerMap does not have entry for uid: 10215 (code 2)
ERROR [BpfNetMaps]: removeRule failed uid=10216, android.os.ServiceSpecificException: sUidOwnerMap does not have entry for uid: 10216 (code 2)
ERROR [BpfNetMaps]: removeRule failed uid=1002, android.os.ServiceSpecificException: sUidOwnerMap does not have entry for uid: 1002 (code 2)
ERROR [IptablesRestoreController]: iptables error:
ERROR [IptablesRestoreController]: ------- COMMAND -------
ERROR [IptablesRestoreController]: *mangle
-D wakeupctrl_mangle_INPUT -i tun0 -m mark --mark 0x80000000/0x80000000 -m limit --limit 10/s -j NFLOG --nflog-prefix 454377263117:tun0 --nflog-group 3 --nflog-threshold 8
COMMIT
ERROR [IptablesRestoreController]: -------  ERROR -------
ERROR [IptablesRestoreController]: iptables-restore: line 191 failed
ERROR [IptablesRestoreController]: ----------------------
ERROR [IptablesRestoreController]: iptables error:
ERROR [IptablesRestoreController]: ------- COMMAND -------
ERROR [IptablesRestoreController]: *mangle
-D wakeupctrl_mangle_INPUT -i tun0 -m mark --mark 0x80000000/0x80000000 -m limit --limit 10/s -j NFLOG --nflog-prefix 454377263117:tun0 --nflog-group 3 --nflog-threshold 8
COMMIT
ERROR [IptablesRestoreController]: -------  ERROR -------
ERROR [IptablesRestoreController]: ip6tables-restore: line 191 failed
ERROR [IptablesRestoreController]: ----------------------
ERROR [WakeupController]: Status[code: -1, msg: "Failed to execute iptables cmd: *mangle
-D wakeupctrl_mangle_INPUT -i tun0 -m mark --mark 0x80000000/0x80000000 -m limit --limit 10/s -j NFLOG --nflog-prefix 454377263117:tun0 --nflog-group 3 --nflog-threshold 8
COMMIT
, out: "]
ERROR [ConnectivityService]: Exception modifying wakeup packet monitoring: android.os.ServiceSpecificException: Failed to execute iptables cmd: *mangle
-D wakeupctrl_mangle_INPUT -i tun0 -m mark --mark 0x80000000/0x80000000 -m limit --limit 10/s -j NFLOG --nflog-prefix 454377263117:tun0 --nflog-group 3 --nflog-threshold 8
COMMIT
, out:  (code -1)
ERROR [BpfNetMaps]: Failed to get if index, skip removeLocalNetAccess for /224.0.0.0(tun0)
ERROR [BpfNetMaps]: Failed to get if index, skip removeLocalNetAccess for /ff00::(tun0)
ERROR [BpfNetMaps]: Failed to get if index, skip removeLocalNetAccess for /255.255.255.255(tun0)
ERROR [BpfNetMaps]: Failed to get if index, skip removeLocalNetAccess for /172.16.0.0(tun0)
ERROR [BpfNetMaps]: Failed to get if index, skip removeLocalNetAccess for /fdfe:dcba:9876::(tun0)
ERROR [TaskPersister]: File error accessing recents directory (directory doesn't exist?).
